exports[`test getComponents() should return an object for components 1`] = `
Array [
  Object {
    "filepath": "../Foo.js",
    "hasExamples": false,
    "module": RequireStatement {
      "filepath": "Foo.js",
    },
    "pathLine": "../Foo.js",
    "props": RequireStatement {
      "filepath": "!!<rootDir>/loaders/props-loader.js!Foo.js",
    },
  },
  Object {
    "filepath": "../Bar.js",
    "hasExamples": false,
    "module": RequireStatement {
      "filepath": "Bar.js",
    },
    "pathLine": "../Bar.js",
    "props": RequireStatement {
      "filepath": "!!<rootDir>/loaders/props-loader.js!Bar.js",
    },
  },
]
`;
