exports[`test getSections() should return an array 1`] = `
Array [
  Object {
    "components": Array [],
    "content": RequireStatement {
      "filepath": "!!<rootDir>/loaders/examples-loader.js!<rootDir>/test/components/Button/Readme.md",
    },
    "name": "Readme",
    "sections": Array [],
  },
  Object {
    "components": Array [
      Object {
        "filepath": "components/Button/Button.js",
        "hasExamples": true,
        "module": RequireStatement {
          "filepath": "<rootDir>/test/components/Button/Button.js",
        },
        "pathLine": "components/Button/Button.js",
        "props": RequireStatement {
          "filepath": "!!<rootDir>/loaders/props-loader.js!<rootDir>/test/components/Button/Button.js",
        },
      },
      Object {
        "filepath": "components/Placeholder/Placeholder.js",
        "hasExamples": true,
        "module": RequireStatement {
          "filepath": "<rootDir>/test/components/Placeholder/Placeholder.js",
        },
        "pathLine": "components/Placeholder/Placeholder.js",
        "props": RequireStatement {
          "filepath": "!!<rootDir>/loaders/props-loader.js!<rootDir>/test/components/Placeholder/Placeholder.js",
        },
      },
      Object {
        "filepath": "components/RandomButton/RandomButton.js",
        "hasExamples": true,
        "module": RequireStatement {
          "filepath": "<rootDir>/test/components/RandomButton/RandomButton.js",
        },
        "pathLine": "components/RandomButton/RandomButton.js",
        "props": RequireStatement {
          "filepath": "!!<rootDir>/loaders/props-loader.js!<rootDir>/test/components/RandomButton/RandomButton.js",
        },
      },
    ],
    "content": undefined,
    "name": "Components",
    "sections": Array [],
  },
]
`;

exports[`test processSection() should return an object for section with components 1`] = `
Object {
  "components": Array [
    Object {
      "filepath": "components/Button/Button.js",
      "hasExamples": true,
      "module": RequireStatement {
        "filepath": "<rootDir>/test/components/Button/Button.js",
      },
      "pathLine": "components/Button/Button.js",
      "props": RequireStatement {
        "filepath": "!!<rootDir>/loaders/props-loader.js!<rootDir>/test/components/Button/Button.js",
      },
    },
    Object {
      "filepath": "components/Placeholder/Placeholder.js",
      "hasExamples": true,
      "module": RequireStatement {
        "filepath": "<rootDir>/test/components/Placeholder/Placeholder.js",
      },
      "pathLine": "components/Placeholder/Placeholder.js",
      "props": RequireStatement {
        "filepath": "!!<rootDir>/loaders/props-loader.js!<rootDir>/test/components/Placeholder/Placeholder.js",
      },
    },
    Object {
      "filepath": "components/RandomButton/RandomButton.js",
      "hasExamples": true,
      "module": RequireStatement {
        "filepath": "<rootDir>/test/components/RandomButton/RandomButton.js",
      },
      "pathLine": "components/RandomButton/RandomButton.js",
      "props": RequireStatement {
        "filepath": "!!<rootDir>/loaders/props-loader.js!<rootDir>/test/components/RandomButton/RandomButton.js",
      },
    },
  ],
  "content": undefined,
  "name": "Components",
  "sections": Array [],
}
`;

exports[`test processSection() should return an object for section with content 1`] = `
Object {
  "components": Array [],
  "content": RequireStatement {
    "filepath": "!!<rootDir>/loaders/examples-loader.js!<rootDir>/test/components/Button/Readme.md",
  },
  "name": "Readme",
  "sections": Array [],
}
`;
